{
    "versions": {
        "content": [
            [
                "versions.yml:md5,b77315097b93b21016accec71072609a"
            ]
        ],
        "meta": {
            "nf-test": "0.9.2",
            "nextflow": "23.10.1"
        },
        "timestamp": "2025-07-26T16:42:03.814678"
    },
    "clean_data": {
        "content": [
            [
                "clean_clinical.csv:md5,6c5171a62cf177a7701abcda8d8e01a4"
            ]
        ],
        "meta": {
            "nf-test": "0.9.2",
            "nextflow": "23.10.1"
        },
        "timestamp": "2025-07-26T16:25:17.268859"
    },
    "management_report_10lines": {
        "content": [
            [
                "<!DOCTYPE html>",
                "",
                "<html>",
                "",
                "<head>",
                "",
                "<meta charset=\"utf-8\" />",
                "<meta name=\"generator\" content=\"pandoc\" />",
                "<meta http-equiv=\"X-UA-Compatible\" content=\"IE=EDGE\" />",
                "",
                ""
            ]
        ],
        "meta": {
            "nf-test": "0.9.2",
            "nextflow": "23.10.1"
        },
        "timestamp": "2025-07-26T16:36:55.66173"
    }
}