{
    "significance_results": {
        "content": [
            [
                "significance_results.csv:md5,010535c9595d6fd90b74ba830d4a7d66"
            ]
        ],
        "meta": {
            "nf-test": "0.9.2",
            "nextflow": "23.10.1"
        },
        "timestamp": "2025-07-27T14:29:51.947105"
    },
    "versions": {
        "content": [
            [
                "versions.yml:md5,21aec93b73ab25259433f6e2fc933d65"
            ]
        ],
        "meta": {
            "nf-test": "0.9.2",
            "nextflow": "23.10.1"
        },
        "timestamp": "2025-07-27T14:29:51.978954"
    },
    "d2_report_10lines": {
        "content": [
            [
                "<!DOCTYPE html>",
                "",
                "<html>",
                "",
                "<head>",
                "",
                "<meta charset=\"utf-8\" />",
                "<meta name=\"generator\" content=\"pandoc\" />",
                "<meta http-equiv=\"X-UA-Compatible\" content=\"IE=EDGE\" />",
                "",
                ""
            ]
        ],
        "meta": {
            "nf-test": "0.9.2",
            "nextflow": "23.10.1"
        },
        "timestamp": "2025-07-27T14:29:51.975627"
    }
}