{
    "clean_data": {
        "content": [
            [
                "clean_clinical.csv:md5,6c5171a62cf177a7701abcda8d8e01a4"
            ]
        ],
        "meta": {
            "nf-test": "0.9.2",
            "nextflow": "23.10.1"
        },
        "timestamp": "2025-07-26T19:03:14.529347"
    }
}